// Jest Snapshot v1, https://goo.gl/fbAQLP

exports[`should render header correctly 1`] = `
<header>
  <h1>
    Expensify Header
  </h1>
  <p>
    <NavLink
      activeClassName="is-active"
      ariaCurrent="true"
      exact={true}
      to="/"
    >
      Dashboard
    </NavLink>
  </p>
  <p>
    <NavLink
      activeClassName="is-active"
      ariaCurrent="true"
      to="/create"
    >
      Create Expense
    </NavLink>
  </p>
</header>
`;
